[2026-04-27 21:13:34] Exception | Data: "由于连接方在一段时间后没有正确答复或连接的主机没有反应，连接尝试失败。" | Request: GET /hongdu/admin/api/case/types.php
[2026-04-27 21:13:47] Exception | Data: "由于连接方在一段时间后没有正确答复或连接的主机没有反应，连接尝试失败。" | Request: GET /hongdu/admin/api/case/types.php
[2026-04-27 21:14:00] Exception | Data: "由于连接方在一段时间后没有正确答复或连接的主机没有反应，连接尝试失败。" | Request: GET /hongdu/admin/api/case/types.php
[2026-04-27 21:14:19] Exception | Data: "由于连接方在一段时间后没有正确答复或连接的主机没有反应，连接尝试失败。" | Request: GET /hongdu/admin/api/case/types.php
[2026-04-27 21:14:21] Exception | Data: "由于连接方在一段时间后没有正确答复或连接的主机没有反应，连接尝试失败。" | Request: GET /hongdu/admin/api/case/types.php
[2026-04-27 21:14:22] Exception | Data: "由于连接方在一段时间后没有正确答复或连接的主机没有反应，连接尝试失败。" | Request: GET /hongdu/admin/api/case/types.php
[2026-04-27 21:14:33] Exception | Data: "由于连接方在一段时间后没有正确答复或连接的主机没有反应，连接尝试失败。" | Request: GET /hongdu/admin/api/case/types.php
[2026-04-27 21:14:33] Exception | Data: "由于连接方在一段时间后没有正确答复或连接的主机没有反应，连接尝试失败。" | Request: GET /hongdu/admin/api/case/types.php
[2026-04-27 21:14:52] Exception | Data: "由于连接方在一段时间后没有正确答复或连接的主机没有反应，连接尝试失败。" | Request: GET /hongdu/admin/api/case/types.php
[2026-04-27 21:14:52] Exception | Data: "由于连接方在一段时间后没有正确答复或连接的主机没有反应，连接尝试失败。" | Request: GET /hongdu/admin/api/case/types.php
[2026-04-27 21:15:02] Exception | Data: "由于连接方在一段时间后没有正确答复或连接的主机没有反应，连接尝试失败。" | Request: GET /hongdu/admin/api/case/types.php
[2026-04-27 21:15:54] Exception | Data: "由于连接方在一段时间后没有正确答复或连接的主机没有反应，连接尝试失败。" | Request: GET /hongdu/admin/api/case/types.php
[2026-04-27 21:16:14] Exception | Data: "由于连接方在一段时间后没有正确答复或连接的主机没有反应，连接尝试失败。" | Request: GET /hongdu/admin/api/case/types.php
[2026-04-27 21:16:15] Exception | Data: "由于连接方在一段时间后没有正确答复或连接的主机没有反应，连接尝试失败。" | Request: GET /hongdu/admin/api/case/types.php
[2026-04-27 21:16:15] Exception | Data: "由于连接方在一段时间后没有正确答复或连接的主机没有反应，连接尝试失败。" | Request: GET /hongdu/admin/api/case/types.php
[2026-04-27 21:16:20] Exception | Data: "由于连接方在一段时间后没有正确答复或连接的主机没有反应，连接尝试失败。" | Request: GET /hongdu/admin/api/case/types.php
[2026-04-27 21:16:21] Exception | Data: "由于连接方在一段时间后没有正确答复或连接的主机没有反应，连接尝试失败。" | Request: GET /hongdu/admin/api/case/types.php
[2026-04-27 21:16:21] Exception | Data: "由于连接方在一段时间后没有正确答复或连接的主机没有反应，连接尝试失败。" | Request: GET /hongdu/admin/api/case/types.php
[2026-04-27 21:16:36] Exception | Data: "由于连接方在一段时间后没有正确答复或连接的主机没有反应，连接尝试失败。" | Request: GET /hongdu/admin/api/case/types.php
[2026-04-27 21:16:36] Exception | Data: "由于连接方在一段时间后没有正确答复或连接的主机没有反应，连接尝试失败。" | Request: GET /hongdu/admin/api/case/types.php
[2026-04-27 21:16:36] Exception | Data: "由于连接方在一段时间后没有正确答复或连接的主机没有反应，连接尝试失败。" | Request: GET /hongdu/admin/api/case/types.php
[2026-04-27 21:16:36] Exception | Data: "由于连接方在一段时间后没有正确答复或连接的主机没有反应，连接尝试失败。" | Request: GET /hongdu/admin/api/case/types.php
[2026-04-27 21:16:42] Exception | Data: "由于连接方在一段时间后没有正确答复或连接的主机没有反应，连接尝试失败。" | Request: GET /hongdu/admin/api/case/types.php
[2026-04-27 21:17:36] Exception | Data: "由于连接方在一段时间后没有正确答复或连接的主机没有反应，连接尝试失败。" | Request: GET /hongdu/admin/api/case/types.php
[2026-04-27 21:18:22] Exception | Data: "由于连接方在一段时间后没有正确答复或连接的主机没有反应，连接尝试失败。" | Request: GET /hongdu/admin/api/case/types.php
[2026-04-27 21:18:43] Exception | Data: "由于连接方在一段时间后没有正确答复或连接的主机没有反应，连接尝试失败。" | Request: GET /hongdu/admin/api/case/types.php
[2026-04-27 21:18:46] Exception | Data: "由于连接方在一段时间后没有正确答复或连接的主机没有反应，连接尝试失败。" | Request: GET /hongdu/admin/api/case/types.php
[2026-04-27 21:18:47] Exception | Data: "由于连接方在一段时间后没有正确答复或连接的主机没有反应，连接尝试失败。" | Request: GET /hongdu/admin/api/case/types.php
[2026-04-27 21:22:09] Exception | Data: "由于连接方在一段时间后没有正确答复或连接的主机没有反应，连接尝试失败。" | Request: GET /hongdu/admin/api/case/types.php
[2026-04-27 21:22:50] Exception | Data: "由于连接方在一段时间后没有正确答复或连接的主机没有反应，连接尝试失败。" | Request: GET /hongdu/admin/api/case/types.php
[2026-04-27 21:22:51] Exception | Data: "由于连接方在一段时间后没有正确答复或连接的主机没有反应，连接尝试失败。" | Request: GET /hongdu/admin/api/case/types.php
[2026-04-27 21:22:52] Exception | Data: "由于连接方在一段时间后没有正确答复或连接的主机没有反应，连接尝试失败。" | Request: GET /hongdu/admin/api/case/types.php
[2026-04-27 21:22:58] Exception | Data: "由于连接方在一段时间后没有正确答复或连接的主机没有反应，连接尝试失败。" | Request: GET /hongdu/admin/api/case/types.php
[2026-04-27 21:23:01] Exception | Data: "由于连接方在一段时间后没有正确答复或连接的主机没有反应，连接尝试失败。" | Request: GET /hongdu/admin/api/case/types.php
[2026-04-27 21:23:10] Exception | Data: "由于连接方在一段时间后没有正确答复或连接的主机没有反应，连接尝试失败。" | Request: GET /hongdu/admin/api/case/types.php
[2026-04-27 21:23:17] Exception | Data: "由于连接方在一段时间后没有正确答复或连接的主机没有反应，连接尝试失败。" | Request: GET /hongdu/admin/api/case/types.php
[2026-04-27 21:23:24] Exception | Data: "由于连接方在一段时间后没有正确答复或连接的主机没有反应，连接尝试失败。" | Request: GET /hongdu/admin/api/case/types.php
[2026-04-27 21:24:05] Exception | Data: "由于连接方在一段时间后没有正确答复或连接的主机没有反应，连接尝试失败。" | Request: GET /hongdu/admin/api/case/types.php
[2026-04-27 21:24:17] Exception | Data: "由于连接方在一段时间后没有正确答复或连接的主机没有反应，连接尝试失败。" | Request: GET /hongdu/admin/api/case/types.php
[2026-04-27 21:24:47] Exception | Data: "由于连接方在一段时间后没有正确答复或连接的主机没有反应，连接尝试失败。" | Request: GET /hongdu/admin/api/case/types.php
[2026-04-27 21:25:46] Exception | Data: "由于连接方在一段时间后没有正确答复或连接的主机没有反应，连接尝试失败。" | Request: GET /hongdu/admin/api/case/types.php
[2026-04-27 21:26:16] Exception | Data: "由于连接方在一段时间后没有正确答复或连接的主机没有反应，连接尝试失败。" | Request: GET /hongdu/admin/api/case/types.php
[2026-04-27 21:26:25] Exception | Data: "由于连接方在一段时间后没有正确答复或连接的主机没有反应，连接尝试失败。" | Request: GET /hongdu/admin/api/case/types.php
[2026-04-27 21:26:27] Exception | Data: "由于连接方在一段时间后没有正确答复或连接的主机没有反应，连接尝试失败。" | Request: GET /hongdu/admin/api/case/types.php
[2026-04-27 21:26:57] Exception | Data: "由于连接方在一段时间后没有正确答复或连接的主机没有反应，连接尝试失败。" | Request: GET /hongdu/admin/api/case/types.php
[2026-04-27 21:27:01] Exception | Data: "由于连接方在一段时间后没有正确答复或连接的主机没有反应，连接尝试失败。" | Request: GET /hongdu/admin/api/case/types.php
[2026-04-27 21:27:22] Exception | Data: "由于连接方在一段时间后没有正确答复或连接的主机没有反应，连接尝试失败。" | Request: GET /hongdu/admin/api/case/types.php
[2026-04-27 21:27:25] Exception | Data: "由于连接方在一段时间后没有正确答复或连接的主机没有反应，连接尝试失败。" | Request: GET /hongdu/admin/api/case/types.php
[2026-04-27 21:27:27] Exception | Data: "由于连接方在一段时间后没有正确答复或连接的主机没有反应，连接尝试失败。" | Request: GET /hongdu/admin/api/case/types.php
[2026-04-27 21:27:28] Exception | Data: "由于连接方在一段时间后没有正确答复或连接的主机没有反应，连接尝试失败。" | Request: GET /hongdu/admin/api/case/types.php
[2026-04-27 21:27:31] Exception | Data: "由于连接方在一段时间后没有正确答复或连接的主机没有反应，连接尝试失败。" | Request: GET /hongdu/admin/api/case/types.php
[2026-04-27 21:27:49] Exception | Data: "由于连接方在一段时间后没有正确答复或连接的主机没有反应，连接尝试失败。" | Request: GET /hongdu/admin/api/case/types.php
[2026-04-27 21:28:19] Exception | Data: "由于连接方在一段时间后没有正确答复或连接的主机没有反应，连接尝试失败。" | Request: POST /hongdu/admin/api/case/types.php
[2026-04-27 21:28:22] Exception | Data: "由于连接方在一段时间后没有正确答复或连接的主机没有反应，连接尝试失败。" | Request: POST /hongdu/admin/api/case/types.php
[2026-04-27 21:28:28] Exception | Data: "由于连接方在一段时间后没有正确答复或连接的主机没有反应，连接尝试失败。" | Request: POST /hongdu/admin/api/case/types.php
[2026-04-27 21:28:29] Exception | Data: "由于连接方在一段时间后没有正确答复或连接的主机没有反应，连接尝试失败。" | Request: POST /hongdu/admin/api/case/types.php
[2026-04-27 21:28:29] Exception | Data: "由于连接方在一段时间后没有正确答复或连接的主机没有反应，连接尝试失败。" | Request: POST /hongdu/admin/api/case/types.php
[2026-04-27 21:28:40] Exception | Data: "由于连接方在一段时间后没有正确答复或连接的主机没有反应，连接尝试失败。" | Request: GET /hongdu/admin/api/case/types.php
[2026-04-27 21:29:02] Exception | Data: "由于连接方在一段时间后没有正确答复或连接的主机没有反应，连接尝试失败。" | Request: GET /hongdu/admin/api/case/types.php
[2026-04-27 21:29:23] Request method: GET, DB connected: no | Request: GET /hongdu/admin/api/case/types.php
[2026-04-27 21:29:28] Request method: POST, DB connected: no | Request: POST /hongdu/admin/api/case/types.php
[2026-04-27 21:29:36] Request method: POST, DB connected: no | Request: POST /hongdu/admin/api/case/types.php
[2026-04-27 21:29:46] Request method: POST, DB connected: no | Request: POST /hongdu/admin/api/case/types.php
[2026-04-27 21:29:52] Request method: POST, DB connected: no | Request: POST /hongdu/admin/api/case/types.php
[2026-04-27 21:29:53] Request method: POST, DB connected: no | Request: POST /hongdu/admin/api/case/types.php
[2026-04-27 21:29:53] Request method: POST, DB connected: no | Request: POST /hongdu/admin/api/case/types.php
[2026-04-27 21:30:58] Request method: POST, DB connected: no | Request: POST /hongdu/admin/api/case/types.php
[2026-04-27 21:31:13] Request method: DELETE, DB connected: no | Request: DELETE /hongdu/admin/api/case/types.php?id=6
[2026-04-27 21:31:24] Sort API data | Data: "{\"types\":[{\"id\":5,\"name\":\"定增\",\"description\":\"上市公司定向增发服务\",\"color\":\"#8b5cf6\",\"sort_order\":5},{\"id\":1,\"name\":\"过桥\",\"description\":\"企业短期资金周转过桥服务\",\"color\":\"#3b82f6\",\"sort_order\":1},{\"id\":3,\"name\":\"亮资\",\"description\":\"企业亮资、资金证明服务\",\"color\":\"#f59e0b\",\"sort_order\":3},{\"id\":4,\"name\":\"冲量\",\"description\":\"银行存款冲量服务\",\"color\":\"#ef4444\",\"sort_order\":4},{\"id\":2,\"name\":\"摆账\",\"description\":\"企业摆账、显账服务\",\"color\":\"#10b981\",\"sort_order\":2},{\"id\":6,\"name\":\"应收账款\",\"description\":\"应收账款融资服务\",\"color\":\"#06b6d4\",\"sort_order\":6}]}" | Request: POST /hongdu/admin/api/case/types-sort.php
[2026-04-27 21:31:24] Sort saved (fallback mode) | Data: "6 items" | Request: POST /hongdu/admin/api/case/types-sort.php
[2026-04-27 21:32:18] Request method: GET, DB connected: no | Request: GET /hongdu/admin/api/case/types.php
[2026-04-27 21:32:35] Request method: GET, DB connected: no | Request: GET /hongdu/admin/api/case/types.php
[2026-04-27 21:32:56] Request method: GET, DB connected: no | Request: GET /hongdu/admin/api/case/types.php
[2026-04-27 21:33:27] Request method: DELETE | Request: DELETE /hongdu/admin/api/case/types.php?id=5
[2026-04-27 21:33:27] DELETE id | Data: 5 | Request: DELETE /hongdu/admin/api/case/types.php?id=5
[2026-04-27 21:33:27] Request method: GET | Request: GET /hongdu/admin/api/case/types.php
[2026-04-27 21:33:38] Request method: PUT | Request: PUT /hongdu/admin/api/case/types.php
[2026-04-27 21:33:38] PUT data | Data: "{\"name\":\"企业过桥\",\"description\":\"企业短期资金周转过桥服务\",\"color\":\"#3b82f6\",\"id\":1}" | Request: PUT /hongdu/admin/api/case/types.php
[2026-04-27 21:33:38] Request method: GET | Request: GET /hongdu/admin/api/case/types.php
[2026-04-27 21:33:43] Request method: GET | Request: GET /hongdu/admin/api/case/types.php
[2026-04-27 21:33:45] Request method: GET | Request: GET /hongdu/admin/api/case/types.php
[2026-04-27 21:33:53] Request method: GET | Request: GET /hongdu/admin/api/case/types.php
[2026-04-27 21:33:56] Request method: GET | Request: GET /hongdu/admin/api/case/types.php
[2026-04-27 21:34:01] Sort API data | Data: "{\"types\":[{\"id\":1,\"name\":\"企业过桥\",\"description\":\"企业短期资金周转过桥服务\",\"color\":\"#3b82f6\",\"sort_order\":1},{\"id\":2,\"name\":\"摆账\",\"description\":\"企业摆账、显账服务\",\"color\":\"#10b981\",\"sort_order\":2},{\"id\":3,\"name\":\"亮资\",\"description\":\"企业亮资、资金证明服务\",\"color\":\"#f59e0b\",\"sort_order\":3},{\"id\":4,\"name\":\"冲量\",\"description\":\"银行存款冲量服务\",\"color\":\"#ef4444\",\"sort_order\":4},{\"id\":6,\"name\":\"应收账款\",\"description\":\"应收账款融资服务\",\"color\":\"#06b6d4\",\"sort_order\":6}]}" | Request: POST /hongdu/admin/api/case/types-sort.php
[2026-04-27 21:34:01] Sort saved (fallback mode) | Data: "5 items" | Request: POST /hongdu/admin/api/case/types-sort.php
[2026-04-27 21:34:07] Request method: GET | Request: GET /hongdu/admin/api/case/types.php
[2026-04-27 21:34:32] Request method: GET | Request: GET /hongdu/admin/api/case/types.php
[2026-04-27 21:34:34] Request method: GET | Request: GET /hongdu/admin/api/case/types.php
[2026-04-27 21:34:58] Sort API data | Data: "{\"types\":[{\"id\":1,\"name\":\"企业过桥\",\"description\":\"企业短期资金周转过桥服务\",\"color\":\"#3b82f6\",\"sort_order\":1},{\"id\":3,\"name\":\"亮资\",\"description\":\"企业亮资、资金证明服务\",\"color\":\"#f59e0b\",\"sort_order\":3},{\"id\":2,\"name\":\"摆账\",\"description\":\"企业摆账、显账服务\",\"color\":\"#10b981\",\"sort_order\":2},{\"id\":4,\"name\":\"冲量\",\"description\":\"银行存款冲量服务\",\"color\":\"#ef4444\",\"sort_order\":4},{\"id\":6,\"name\":\"应收账款\",\"description\":\"应收账款融资服务\",\"color\":\"#06b6d4\",\"sort_order\":6}]}" | Request: POST /hongdu/admin/api/case/types-sort.php
[2026-04-27 21:34:58] Sort saved (fallback mode) | Data: "5 items" | Request: POST /hongdu/admin/api/case/types-sort.php
[2026-04-27 21:38:49] PUT data | Data: "{\"name\":\"企业摆账\",\"description\":\"企业摆账、显账服务\",\"color\":\"#10b981\",\"id\":2}" | Request: PUT /hongdu/admin/api/case/types.php
[2026-04-27 21:38:56] PUT data | Data: "{\"name\":\"显账亮资\",\"description\":\"企业亮资、资金证明服务\",\"color\":\"#f59e0b\",\"id\":3}" | Request: PUT /hongdu/admin/api/case/types.php
[2026-04-27 21:39:06] PUT data | Data: "{\"name\":\"银行存款冲量\",\"description\":\"银行存款冲量服务\",\"color\":\"#ef4444\",\"id\":4}" | Request: PUT /hongdu/admin/api/case/types.php
[2026-04-27 21:39:20] PUT data | Data: "{\"name\":\"云信融资出表\",\"description\":\"应收账款融资服务\",\"color\":\"#06b6d4\",\"id\":6}" | Request: PUT /hongdu/admin/api/case/types.php
[2026-04-27 21:40:08] Sort API data | Data: "{\"types\":[{\"id\":6,\"name\":\"云信融资出表\",\"description\":\"应收账款融资服务\",\"color\":\"#06b6d4\",\"sort_order\":6},{\"id\":2,\"name\":\"企业摆账\",\"description\":\"企业摆账、显账服务\",\"color\":\"#10b981\",\"sort_order\":2},{\"id\":1,\"name\":\"企业过桥\",\"description\":\"企业短期资金周转过桥服务\",\"color\":\"#3b82f6\",\"sort_order\":1},{\"id\":4,\"name\":\"银行存款冲量\",\"description\":\"银行存款冲量服务\",\"color\":\"#ef4444\",\"sort_order\":4},{\"id\":3,\"name\":\"显账亮资\",\"description\":\"企业亮资、资金证明服务\",\"color\":\"#f59e0b\",\"sort_order\":3}]}" | Request: POST /hongdu/admin/api/case/types-sort.php
[2026-04-27 21:40:08] Sort saved (fallback mode) | Data: "5 items" | Request: POST /hongdu/admin/api/case/types-sort.php
[2026-04-27 21:40:18] Sort API data | Data: "{\"types\":[{\"id\":6,\"name\":\"云信融资出表\",\"description\":\"应收账款融资服务\",\"color\":\"#06b6d4\",\"sort_order\":6},{\"id\":1,\"name\":\"企业过桥\",\"description\":\"企业短期资金周转过桥服务\",\"color\":\"#3b82f6\",\"sort_order\":1},{\"id\":2,\"name\":\"企业摆账\",\"description\":\"企业摆账、显账服务\",\"color\":\"#10b981\",\"sort_order\":2},{\"id\":3,\"name\":\"显账亮资\",\"description\":\"企业亮资、资金证明服务\",\"color\":\"#f59e0b\",\"sort_order\":3},{\"id\":4,\"name\":\"银行存款冲量\",\"description\":\"银行存款冲量服务\",\"color\":\"#ef4444\",\"sort_order\":4}]}" | Request: POST /hongdu/admin/api/case/types-sort.php
[2026-04-27 21:40:18] Sort saved (fallback mode) | Data: "5 items" | Request: POST /hongdu/admin/api/case/types-sort.php
[2026-04-27 21:40:38] Sort API data | Data: "{\"types\":[{\"id\":1,\"name\":\"企业过桥\",\"description\":\"企业短期资金周转过桥服务\",\"color\":\"#3b82f6\",\"sort_order\":1},{\"id\":2,\"name\":\"企业摆账\",\"description\":\"企业摆账、显账服务\",\"color\":\"#10b981\",\"sort_order\":2},{\"id\":6,\"name\":\"云信融资出表\",\"description\":\"应收账款融资服务\",\"color\":\"#06b6d4\",\"sort_order\":6},{\"id\":3,\"name\":\"显账亮资\",\"description\":\"企业亮资、资金证明服务\",\"color\":\"#f59e0b\",\"sort_order\":3},{\"id\":4,\"name\":\"银行存款冲量\",\"description\":\"银行存款冲量服务\",\"color\":\"#ef4444\",\"sort_order\":4}]}" | Request: POST /hongdu/admin/api/case/types-sort.php
[2026-04-27 21:40:38] Sort saved (fallback mode) | Data: "5 items" | Request: POST /hongdu/admin/api/case/types-sort.php
[2026-04-27 21:40:49] Sort API data | Data: "{\"types\":[{\"id\":6,\"name\":\"云信融资出表\",\"description\":\"应收账款融资服务\",\"color\":\"#06b6d4\",\"sort_order\":6},{\"id\":1,\"name\":\"企业过桥\",\"description\":\"企业短期资金周转过桥服务\",\"color\":\"#3b82f6\",\"sort_order\":1},{\"id\":2,\"name\":\"企业摆账\",\"description\":\"企业摆账、显账服务\",\"color\":\"#10b981\",\"sort_order\":2},{\"id\":3,\"name\":\"显账亮资\",\"description\":\"企业亮资、资金证明服务\",\"color\":\"#f59e0b\",\"sort_order\":3},{\"id\":4,\"name\":\"银行存款冲量\",\"description\":\"银行存款冲量服务\",\"color\":\"#ef4444\",\"sort_order\":4}]}" | Request: POST /hongdu/admin/api/case/types-sort.php
[2026-04-27 21:40:49] Sort saved (fallback mode) | Data: "5 items" | Request: POST /hongdu/admin/api/case/types-sort.php
[2026-04-27 21:50:55] PUT data | Data: "{\"name\":\"企业过桥\",\"description\":\"企业短期资金周转过桥服务\",\"color\":\"#3b82f6\",\"id\":1}" | Request: PUT /hongdu/admin/api/case/types.php
[2026-04-27 21:51:08] PUT data | Data: "{\"name\":\"企业摆账\",\"description\":\"企业摆账、显账服务\",\"color\":\"#10b981\",\"id\":2}" | Request: PUT /hongdu/admin/api/case/types.php
[2026-04-27 21:51:17] PUT data | Data: "{\"name\":\"工程亮资\",\"description\":\"企业亮资、资金证明服务\",\"color\":\"#f59e0b\",\"id\":3}" | Request: PUT /hongdu/admin/api/case/types.php
[2026-04-27 21:51:24] PUT data | Data: "{\"name\":\"银行冲量存款\",\"description\":\"银行存款冲量服务\",\"color\":\"#ef4444\",\"id\":4}" | Request: PUT /hongdu/admin/api/case/types.php
[2026-04-27 21:51:26] DELETE id | Data: 5 | Request: DELETE /hongdu/admin/api/case/types.php?id=5
[2026-04-27 21:51:41] PUT data | Data: "{\"name\":\"云信融资出表\",\"description\":\"应收账款融资服务\",\"color\":\"#06b6d4\",\"id\":6}" | Request: PUT /hongdu/admin/api/case/types.php
[2026-04-29 22:10:05] Sort API data | Data: "{\"types\":[{\"id\":2,\"name\":\"企业摆账\",\"description\":\"企业摆账、显账服务\",\"color\":\"#10b981\",\"sort_order\":2},{\"id\":1,\"name\":\"企业过桥\",\"description\":\"企业短期资金周转过桥服务\",\"color\":\"#3b82f6\",\"sort_order\":1},{\"id\":3,\"name\":\"工程亮资\",\"description\":\"企业亮资、资金证明服务\",\"color\":\"#f59e0b\",\"sort_order\":3},{\"id\":4,\"name\":\"银行冲量存款\",\"description\":\"银行存款冲量服务\",\"color\":\"#ef4444\",\"sort_order\":4},{\"id\":6,\"name\":\"云信融资出表\",\"description\":\"应收账款融资服务\",\"color\":\"#06b6d4\",\"sort_order\":6}]}" | Request: POST /hongdu/admin/api/case/types-sort.php
[2026-04-29 22:10:05] Sort saved (fallback mode) | Data: "5 items" | Request: POST /hongdu/admin/api/case/types-sort.php
[2026-04-29 22:10:34] Sort API data | Data: "{\"types\":[{\"id\":2,\"name\":\"企业摆账\",\"description\":\"企业摆账、显账服务\",\"color\":\"#10b981\",\"sort_order\":2},{\"id\":1,\"name\":\"企业过桥\",\"description\":\"企业短期资金周转过桥服务\",\"color\":\"#3b82f6\",\"sort_order\":1},{\"id\":3,\"name\":\"工程亮资\",\"description\":\"企业亮资、资金证明服务\",\"color\":\"#f59e0b\",\"sort_order\":3},{\"id\":4,\"name\":\"银行冲量存款\",\"description\":\"银行存款冲量服务\",\"color\":\"#ef4444\",\"sort_order\":4},{\"id\":6,\"name\":\"云信融资出表\",\"description\":\"应收账款融资服务\",\"color\":\"#06b6d4\",\"sort_order\":6}]}" | Request: POST /hongdu/admin/api/case/types-sort.php
[2026-04-29 22:10:34] Sort saved (fallback mode) | Data: "5 items" | Request: POST /hongdu/admin/api/case/types-sort.php
[2026-04-29 22:16:24] Sort API data | Data: "{\"types\":[{\"id\":2,\"name\":\"企业摆账\",\"description\":\"企业摆账、显账服务\",\"color\":\"#10b981\",\"sort_order\":2},{\"id\":1,\"name\":\"企业过桥\",\"description\":\"企业短期资金周转过桥服务\",\"color\":\"#3b82f6\",\"sort_order\":1},{\"id\":3,\"name\":\"工程亮资\",\"description\":\"企业亮资、资金证明服务\",\"color\":\"#f59e0b\",\"sort_order\":3},{\"id\":4,\"name\":\"银行冲量存款\",\"description\":\"银行存款冲量服务\",\"color\":\"#ef4444\",\"sort_order\":4},{\"id\":6,\"name\":\"云信融资出表\",\"description\":\"应收账款融资服务\",\"color\":\"#06b6d4\",\"sort_order\":6}]}" | Request: POST /hongdu/admin/api/case/types-sort.php
[2026-04-29 22:16:24] Sort saved to JSON file | Data: "5 items updated" | Request: POST /hongdu/admin/api/case/types-sort.php
[2026-05-05 12:10:00] Sort API data | Data: "{\"types\":[{\"id\":1,\"name\":\"企业过桥\",\"description\":\"企业短期资金周转过桥服务\",\"color\":\"#3b82f6\",\"sort_order\":2},{\"id\":2,\"name\":\"企业摆账\",\"description\":\"企业摆账、显账服务\",\"color\":\"#10b981\",\"sort_order\":1},{\"id\":3,\"name\":\"工程亮资\",\"description\":\"企业亮资、资金证明服务\",\"color\":\"#f59e0b\",\"sort_order\":3},{\"id\":4,\"name\":\"银行冲量存款\",\"description\":\"银行存款冲量服务\",\"color\":\"#ef4444\",\"sort_order\":4},{\"id\":6,\"name\":\"云信融资出表\",\"description\":\"应收账款融资服务\",\"color\":\"#06b6d4\",\"sort_order\":5}]}" | Request: POST /hongdu/admin/api/case/types-sort.php
[2026-05-05 12:10:00] Sort saved to JSON file | Data: "5 items updated" | Request: POST /hongdu/admin/api/case/types-sort.php
[2026-05-05 12:46:10] Sort API data | Data: "{\"types\":[{\"id\":2,\"name\":\"企业摆账\",\"description\":\"企业摆账、显账服务\",\"color\":\"#10b981\",\"sort_order\":2},{\"id\":1,\"name\":\"企业过桥\",\"description\":\"企业短期资金周转过桥服务\",\"color\":\"#3b82f6\",\"sort_order\":1},{\"id\":3,\"name\":\"工程亮资\",\"description\":\"企业亮资、资金证明服务\",\"color\":\"#f59e0b\",\"sort_order\":3},{\"id\":4,\"name\":\"银行冲量存款\",\"description\":\"银行存款冲量服务\",\"color\":\"#ef4444\",\"sort_order\":4},{\"id\":6,\"name\":\"云信融资出表\",\"description\":\"应收账款融资服务\",\"color\":\"#06b6d4\",\"sort_order\":5}]}" | Request: POST /hongdu/admin/api/case/types-sort.php
[2026-05-05 12:46:10] Sort saved to JSON file | Data: "5 items updated" | Request: POST /hongdu/admin/api/case/types-sort.php
[2026-05-06 01:37:56] POST data | Data: "{\"name\":\"测试\",\"description\":\"\",\"color\":\"#3b82f6\"}" | Request: POST /hongdu/admin/api/case/types.php
[2026-05-06 01:41:42] POST data | Data: "{\"name\":\"测试二\",\"description\":\"\",\"color\":\"#3b82f6\"}" | Request: POST /hongdu/admin/api/case/types.php
[2026-05-06 01:49:44] PUT data | Data: "{\"id\":6,\"sort_order\":5}" | Request: PUT /hongdu/admin/api/case/types.php
[2026-05-06 01:49:44] PUT data | Data: "{\"id\":6,\"sort_order\":4}" | Request: PUT /hongdu/admin/api/case/types.php
[2026-05-06 01:49:45] PUT data | Data: "{\"id\":6,\"sort_order\":3}" | Request: PUT /hongdu/admin/api/case/types.php
[2026-05-06 01:49:47] PUT data | Data: "{\"id\":6,\"sort_order\":2}" | Request: PUT /hongdu/admin/api/case/types.php
[2026-05-06 01:55:46] PUT data | Data: "{\"id\":2,\"sort_order\":1}" | Request: PUT /hongdu/admin/api/case/types.php
[2026-05-06 01:55:48] PUT data | Data: "{\"id\":2,\"sort_order\":2}" | Request: PUT /hongdu/admin/api/case/types.php
[2026-05-06 01:57:06] PUT data | Data: "{\"id\":1,\"sort_order\":2}" | Request: PUT /hongdu/admin/api/case/types.php
[2026-05-06 01:57:19] DELETE id | Data: 8 | Request: DELETE /hongdu/admin/api/case/types.php?id=8
[2026-05-06 01:57:21] DELETE id | Data: 7 | Request: DELETE /hongdu/admin/api/case/types.php?id=7
[2026-05-06 02:07:51] PUT data | Data: "{\"id\":4,\"sort_order\":4}" | Request: PUT /hongdu/admin/api/case/types.php
[2026-05-06 02:08:03] POST data | Data: "{\"name\":\"测试\",\"description\":\"\",\"color\":\"#3b82f6\"}" | Request: POST /hongdu/admin/api/case/types.php
[2026-05-06 02:31:53] DELETE id | Data: 7 | Request: DELETE /hongdu/admin/api/case/types.php?id=7
[2026-05-06 02:31:58] POST data | Data: "{\"name\":\"测试三\",\"description\":\"\",\"color\":\"#3b82f6\"}" | Request: POST /hongdu/admin/api/case/types.php
[2026-05-06 02:32:04] POST data | Data: "{\"name\":\"测试试\",\"description\":\"\",\"color\":\"#3b82f6\"}" | Request: POST /hongdu/admin/api/case/types.php
[2026-05-06 02:32:44] DELETE id | Data: 8 | Request: DELETE /hongdu/admin/api/case/types.php?id=8
[2026-05-06 02:32:55] DELETE id | Data: 7 | Request: DELETE /hongdu/admin/api/case/types.php?id=7
[2026-05-06 02:38:21] PUT data | Data: "{\"id\":1,\"sort_order\":2}" | Request: PUT /hongdu/admin/api/case/types.php
[2026-05-06 06:01:24] PUT data | Data: "{\"id\":1,\"sort_order\":1}" | Request: PUT /hongdu/admin/api/case/types.php
[2026-05-06 06:01:24] PUT data | Data: "{\"id\":2,\"sort_order\":2}" | Request: PUT /hongdu/admin/api/case/types.php
[2026-05-06 06:01:24] PUT data | Data: "{\"id\":3,\"sort_order\":3}" | Request: PUT /hongdu/admin/api/case/types.php
[2026-05-06 06:01:24] PUT data | Data: "{\"id\":4,\"sort_order\":4}" | Request: PUT /hongdu/admin/api/case/types.php
[2026-05-06 06:01:24] PUT data | Data: "{\"id\":6,\"sort_order\":5}" | Request: PUT /hongdu/admin/api/case/types.php
[2026-05-06 06:01:58] POST data | Data: "{\"name\":\"测试\",\"description\":\"\",\"color\":\"#3b82f6\"}" | Request: POST /hongdu/admin/api/case/types.php
[2026-05-06 06:02:04] DELETE id | Data: 7 | Request: DELETE /hongdu/admin/api/case/types.php?id=7
[2026-05-06 06:07:52] PUT data | Data: "{\"id\": 1, \"sort_order\": 10}" | Request: PUT /hongdu/admin/api/case/types.php
[2026-05-06 06:08:59] PUT data | Data: "{\"id\": 1, \"sort_order\": 10}" | Request: PUT /hongdu/admin/api/case/types.php
[2026-05-06 06:09:56] PUT data | Data: "{\"id\": 1, \"sort_order\": 10}" | Request: PUT /hongdu/admin/api/case/types.php
[2026-05-06 06:09:56] PUT data | Data: "{\"id\": 1, \"sort_order\": 2, \"name\": \"\\u4f01\\u4e1a\\u8fc7\\u6865\", \"description\": \"\", \"color\": \"#3b82f6\"}" | Request: PUT /hongdu/admin/api/case/types.php
[2026-05-06 06:09:56] PUT data | Data: "{\"id\": 1, \"name\": \"\\u4f01\\u4e1a\\u8fc7\\u6865\\u6d4b\\u8bd5\"}" | Request: PUT /hongdu/admin/api/case/types.php
[2026-05-06 06:09:56] PUT data | Data: "{\"id\": 1, \"name\": \"\\u4f01\\u4e1a\\u8fc7\\u6865\", \"description\": \"\", \"color\": \"#3b82f6\", \"sort_order\": 2}" | Request: PUT /hongdu/admin/api/case/types.php
[2026-05-06 06:10:10] PUT data | Data: "{\"id\": 1, \"name\": \"\\u4f01\\u4e1a\\u8fc7\\u6865\", \"description\": \"\", \"color\": \"#3b82f6\", \"sort_order\": 2}" | Request: PUT /hongdu/admin/api/case/types.php
[2026-05-06 06:10:10] PUT data | Data: "{\"id\": 1, \"sort_order\": 10}" | Request: PUT /hongdu/admin/api/case/types.php
[2026-05-06 06:10:10] PUT data | Data: "{\"id\": 1, \"name\": \"\\u4f01\\u4e1a\\u8fc7\\u6865\", \"description\": \"\", \"color\": \"#3b82f6\", \"sort_order\": 2}" | Request: PUT /hongdu/admin/api/case/types.php
[2026-05-06 06:10:38] PUT data | Data: "{\"id\": 1, \"sort_order\": 2}" | Request: PUT /hongdu/admin/api/case/types.php
[2026-05-06 06:15:12] PUT data | Data: "{\"id\":\"1\",\"name\":\"过桥短拆\",\"description\":\"\",\"color\":\"#3b82f6\"}" | Request: PUT /hongdu/admin/api/case/types.php
[2026-05-06 06:18:37] POST data | Data: "{\"name\":\"测试\",\"description\":\"\",\"color\":\"#3b82f6\"}" | Request: POST /hongdu/admin/api/case/types.php
[2026-05-06 06:21:46] PUT data | Data: "{\"id\": 1, \"sort_order\": 2}" | Request: PUT /hongdu/admin/api/case/types.php
[2026-05-06 13:21:50] DELETE id | Data: 7 | Request: DELETE /hongdu/admin/api/case/types.php?id=7
[2026-05-10 15:30:48] PUT data | Data: "{\"id\":2,\"sort_order\":1}" | Request: PUT /hongdu/admin/api/case/types.php
[2026-05-10 15:30:48] PUT data | Data: "{\"id\":2,\"sort_order\":2}" | Request: PUT /hongdu/admin/api/case/types.php
[2026-05-10 15:30:51] PUT data | Data: "{\"id\":1,\"sort_order\":2}" | Request: PUT /hongdu/admin/api/case/types.php
[2026-05-10 15:34:28] PUT data | Data: "{\"id\":\"2\",\"name\":\"企业摆账 测试\",\"description\":\"企业摆账、显账服务\",\"color\":\"#10b981\",\"meta_title\":\"\",\"meta_keywords\":\"\",\"meta_description\":\"\"}" | Request: PUT /hongdu/admin/api/case/types.php
[2026-05-10 15:34:51] PUT data | Data: "{\"id\":\"2\",\"name\":\"企业摆账\",\"description\":\"企业摆账、显账服务\",\"color\":\"#10b981\",\"meta_title\":\"\",\"meta_keywords\":\"\",\"meta_description\":\"\"}" | Request: PUT /hongdu/admin/api/case/types.php
[2026-05-10 15:35:47] PUT data | Data: "{\"id\":\"2\",\"name\":\"企业摆账\",\"description\":\"企业摆账、显账服务\",\"color\":\"#10b981\",\"meta_title\":\"企业摆账_过桥短拆_工程亮资_银行冲量_云信融资资金服务\",\"meta_keywords\":\"企业摆账，过桥短拆，工程亮资，银行冲量存款，云信融资出表，应收账款融资\",\"meta_description\":\"专业提供企业摆账、过桥短拆、工程亮资、银行冲量存款、云信融资出表等大额资金服务，合规操作，资金实力雄厚，全国可接。\"}" | Request: PUT /hongdu/admin/api/case/types.php
[2026-05-10 15:36:28] PUT data | Data: "{\"id\":\"2\",\"name\":\"企业摆账\",\"description\":\"企业摆账、显账服务\",\"color\":\"#10b981\",\"meta_title\":\"企业摆账服务_企业显账_实摆账大额资金办理\",\"meta_keywords\":\"企业摆账，企业显账，实摆账，企业资金服务\",\"meta_description\":\"专业企业摆账、显账服务，提供实摆账大额资金支持，流程透明，快速办结，满足企业资金合规需求。\"}" | Request: PUT /hongdu/admin/api/case/types.php
[2026-05-10 15:36:42] PUT data | Data: "{\"id\":\"1\",\"name\":\"过桥短拆\",\"description\":\"\",\"color\":\"#3b82f6\",\"meta_title\":\"过桥短拆资金服务_企业短期资金周转融资\",\"meta_keywords\":\"过桥短拆，企业过桥资金，短期资金周转\",\"meta_description\":\"专注企业过桥短拆服务，解决短期资金周转难题，资金灵活，高效审批，一对一制定融资方案。\"}" | Request: PUT /hongdu/admin/api/case/types.php
[2026-05-10 15:36:59] PUT data | Data: "{\"id\":\"3\",\"name\":\"工程亮资\",\"description\":\"企业亮资、资金证明服务\",\"color\":\"#f59e0b\",\"meta_title\":\"工程亮资服务_企业亮资_资金证明办理\",\"meta_keywords\":\"工程亮资，企业亮资，资金证明，工程资金服务\",\"meta_description\":\"专业工程亮资、企业亮资及资金证明服务，助力项目投标、工程审批，大额资金支持，安全合规。\"}" | Request: PUT /hongdu/admin/api/case/types.php
[2026-05-10 15:37:16] PUT data | Data: "{\"id\":\"4\",\"name\":\"银行冲量存款\",\"description\":\"银行存款冲量服务\",\"color\":\"#ef4444\",\"meta_title\":\"银行冲量存款服务_银行存款冲量资金办理\",\"meta_keywords\":\"银行冲量存款，银行存款冲量，银行资金业务\",\"meta_description\":\"提供银行冲量存款服务，银行存款冲量资金支持，合规操作，满足银行考核及企业资金需求。\"}" | Request: PUT /hongdu/admin/api/case/types.php
[2026-05-10 15:37:34] PUT data | Data: "{\"id\":\"6\",\"name\":\"云信融资出表\",\"description\":\"应收账款融资服务\",\"color\":\"#06b6d4\",\"meta_title\":\"云信融资出表_应收账款融资服务办理\",\"meta_keywords\":\"云信融资出表，应收账款融资，企业资金出表\",\"meta_description\":\"专业办理云信融资出表、应收账款融资服务，解决企业出表需求，合规高效，快速落地。\"}" | Request: PUT /hongdu/admin/api/case/types.php
